nohup: ignoring input
[2026-09-02 22:18:31 +0800] [24130] [INFO] Starting gunicorn 26.2.0
[2026-09-02 22:18:31 +0800] [24130] [INFO] Listening at: http://127.0.0.1:5101 (24130)
[2026-09-02 22:18:31 +0800] [24130] [INFO] Using worker: sync
[2026-09-02 22:18:31 +0800] [24131] [INFO] Booting worker with pid: 24131
[2026-09-02 22:18:31 +0800] [24132] [INFO] Booting worker with pid: 24132
[2026-09-02 22:18:32 +0800] [24130] [INFO] Control socket listening at /run/user/0/gunicorn.ctl
2026-09-02 22:18:54,971 | INFO | tongyuan-ai | 客服请求开始 | channel=wechat | openid_hash=b38597c1a11a | message_length=2
2026-09-02 22:18:54,976 | INFO | tongyuan-ai | 客户信息已加载 | customer_id=7 | channel=wechat | openid_hash=b38597c1a11a
2026-09-02 22:18:54,976 | INFO | tongyuan-ai | 历史对话已加载 | customer_id=7 | history_count=10
2026-09-02 22:19:00,007 | INFO | tongyuan-ai | 客服请求开始 | channel=wechat | openid_hash=b38597c1a11a | message_length=2
2026-09-02 22:19:00,012 | INFO | tongyuan-ai | 客户信息已加载 | customer_id=7 | channel=wechat | openid_hash=b38597c1a11a
2026-09-02 22:19:00,013 | INFO | tongyuan-ai | 历史对话已加载 | customer_id=7 | history_count=10
2026-09-02 22:19:00,719 | INFO | tongyuan-ai | AI对话已保存 | customer_id=7 | channel=wechat
2026-09-02 22:19:00,720 | INFO | tongyuan-ai | 客服请求成功 | channel=wechat | customer_id=7 | elapsed=5.748s
2026-09-02 22:19:03,334 | INFO | tongyuan-ai | AI对话已保存 | customer_id=7 | channel=wechat
2026-09-02 22:19:03,335 | INFO | tongyuan-ai | 客服请求成功 | channel=wechat | customer_id=7 | elapsed=3.328s
2026-09-02 22:19:07,995 | INFO | tongyuan-ai | 客服请求开始 | channel=wechat | openid_hash=b38597c1a11a | message_length=11
2026-09-02 22:19:08,005 | INFO | tongyuan-ai | 客户信息已加载 | customer_id=7 | channel=wechat | openid_hash=b38597c1a11a
2026-09-02 22:19:08,006 | INFO | tongyuan-ai | 历史对话已加载 | customer_id=7 | history_count=10
2026-09-02 22:19:12,858 | INFO | tongyuan-ai | AI对话已保存 | customer_id=7 | channel=wechat
2026-09-02 22:19:12,858 | INFO | tongyuan-ai | 客服请求成功 | channel=wechat | customer_id=7 | elapsed=4.864s
2026-09-02 22:19:13,028 | INFO | tongyuan-ai | 客服请求开始 | channel=wechat | openid_hash=b38597c1a11a | message_length=11
2026-09-02 22:19:13,032 | INFO | tongyuan-ai | 客户信息已加载 | customer_id=7 | channel=wechat | openid_hash=b38597c1a11a
2026-09-02 22:19:13,033 | INFO | tongyuan-ai | 历史对话已加载 | customer_id=7 | history_count=10
2026-09-02 22:19:17,659 | INFO | tongyuan-ai | AI对话已保存 | customer_id=7 | channel=wechat
2026-09-02 22:19:17,660 | INFO | tongyuan-ai | 客服请求成功 | channel=wechat | customer_id=7 | elapsed=4.631s
2026-09-02 22:19:40,750 | INFO | tongyuan-ai | 客服请求开始 | channel=wechat | openid_hash=b38597c1a11a | message_length=6
2026-09-02 22:19:40,754 | INFO | tongyuan-ai | 客户信息已加载 | customer_id=7 | channel=wechat | openid_hash=b38597c1a11a
2026-09-02 22:19:40,755 | INFO | tongyuan-ai | 历史对话已加载 | customer_id=7 | history_count=10
2026-09-02 22:19:45,768 | INFO | tongyuan-ai | 客服请求开始 | channel=wechat | openid_hash=b38597c1a11a | message_length=6
2026-09-02 22:19:45,773 | INFO | tongyuan-ai | 客户信息已加载 | customer_id=7 | channel=wechat | openid_hash=b38597c1a11a
2026-09-02 22:19:45,773 | INFO | tongyuan-ai | 历史对话已加载 | customer_id=7 | history_count=10
2026-09-02 22:19:45,884 | INFO | tongyuan-ai | AI对话已保存 | customer_id=7 | channel=wechat
2026-09-02 22:19:45,885 | INFO | tongyuan-ai | 客服请求成功 | channel=wechat | customer_id=7 | elapsed=5.135s
2026-09-02 22:19:50,786 | INFO | tongyuan-ai | 客服请求开始 | channel=wechat | openid_hash=b38597c1a11a | message_length=6
2026-09-02 22:19:50,791 | INFO | tongyuan-ai | 客户信息已加载 | customer_id=7 | channel=wechat | openid_hash=b38597c1a11a
2026-09-02 22:19:50,792 | INFO | tongyuan-ai | 历史对话已加载 | customer_id=7 | history_count=10
2026-09-02 22:19:50,934 | INFO | tongyuan-ai | AI对话已保存 | customer_id=7 | channel=wechat
2026-09-02 22:19:50,934 | INFO | tongyuan-ai | 客服请求成功 | channel=wechat | customer_id=7 | elapsed=5.166s
2026-09-02 22:19:55,755 | INFO | tongyuan-ai | AI对话已保存 | customer_id=7 | channel=wechat
2026-09-02 22:19:55,755 | INFO | tongyuan-ai | 客服请求成功 | channel=wechat | customer_id=7 | elapsed=4.969s
2026-09-02 22:21:17,616 | INFO | tongyuan-ai | 客服请求开始 | channel=wechat | openid_hash=b38597c1a11a | message_length=8
2026-09-02 22:21:17,621 | INFO | tongyuan-ai | 客户信息已加载 | customer_id=7 | channel=wechat | openid_hash=b38597c1a11a
2026-09-02 22:21:17,621 | INFO | tongyuan-ai | 历史对话已加载 | customer_id=7 | history_count=10
2026-09-02 22:21:22,635 | INFO | tongyuan-ai | 客服请求开始 | channel=wechat | openid_hash=b38597c1a11a | message_length=8
2026-09-02 22:21:22,641 | INFO | tongyuan-ai | 客户信息已加载 | customer_id=7 | channel=wechat | openid_hash=b38597c1a11a
2026-09-02 22:21:22,642 | INFO | tongyuan-ai | 历史对话已加载 | customer_id=7 | history_count=10
2026-09-02 22:21:23,185 | INFO | tongyuan-ai | AI对话已保存 | customer_id=7 | channel=wechat
2026-09-02 22:21:23,185 | INFO | tongyuan-ai | 客服请求成功 | channel=wechat | customer_id=7 | elapsed=5.569s
2026-09-02 22:21:27,651 | INFO | tongyuan-ai | 客服请求开始 | channel=wechat | openid_hash=b38597c1a11a | message_length=8
2026-09-02 22:21:27,655 | INFO | tongyuan-ai | 客户信息已加载 | customer_id=7 | channel=wechat | openid_hash=b38597c1a11a
2026-09-02 22:21:27,656 | INFO | tongyuan-ai | 历史对话已加载 | customer_id=7 | history_count=10
2026-09-02 22:21:27,960 | INFO | tongyuan-ai | AI对话已保存 | customer_id=7 | channel=wechat
2026-09-02 22:21:27,960 | INFO | tongyuan-ai | 客服请求成功 | channel=wechat | customer_id=7 | elapsed=5.325s
2026-09-02 22:21:32,337 | INFO | tongyuan-ai | AI对话已保存 | customer_id=7 | channel=wechat
2026-09-02 22:21:32,338 | INFO | tongyuan-ai | 客服请求成功 | channel=wechat | customer_id=7 | elapsed=4.686s
2026-09-02 22:23:06,099 | INFO | tongyuan-ai | 客服请求开始 | channel=wechat | openid_hash=b38597c1a11a | message_length=2
2026-09-02 22:23:06,104 | INFO | tongyuan-ai | 客户信息已加载 | customer_id=7 | channel=wechat | openid_hash=b38597c1a11a
2026-09-02 22:23:06,105 | INFO | tongyuan-ai | 历史对话已加载 | customer_id=7 | history_count=10
2026-09-02 22:23:09,424 | INFO | tongyuan-ai | AI对话已保存 | customer_id=7 | channel=wechat
2026-09-02 22:23:09,425 | INFO | tongyuan-ai | 客服请求成功 | channel=wechat | customer_id=7 | elapsed=3.325s
[2026-09-02 22:35:08 +0800] [24131] [INFO] Worker exiting (pid: 24131)
[WECHAT] 收到文本消息 | openid_hash=b38597c1a11a | length=2
[WECHAT] AI回复完成 | customer_id=7
[WECHAT] 收到文本消息 | openid_hash=b38597c1a11a | length=6
[WECHAT] AI回复完成 | customer_id=7
[WECHAT] 收到文本消息 | openid_hash=b38597c1a11a | length=8
[WECHAT] AI回复完成 | customer_id=7
[WECHAT] 收到文本消息 | openid_hash=b38597c1a11a | length=8
[WECHAT] AI回复完成 | customer_id=7
[2026-09-02 22:35:08 +0800] [24132] [INFO] Worker exiting (pid: 24132)
[WECHAT] 收到文本消息 | openid_hash=b38597c1a11a | length=2
[WECHAT] AI回复完成 | customer_id=7
[WECHAT] 收到文本消息 | openid_hash=b38597c1a11a | length=11
[WECHAT] AI回复完成 | customer_id=7
[WECHAT] 收到文本消息 | openid_hash=b38597c1a11a | length=11
[WECHAT] AI回复完成 | customer_id=7
[WECHAT] 收到文本消息 | openid_hash=b38597c1a11a | length=6
[WECHAT] AI回复完成 | customer_id=7
[WECHAT] 收到文本消息 | openid_hash=b38597c1a11a | length=6
[WECHAT] AI回复完成 | customer_id=7
[WECHAT] 收到文本消息 | openid_hash=b38597c1a11a | length=8
[WECHAT] AI回复完成 | customer_id=7
[WECHAT] 收到文本消息 | openid_hash=b38597c1a11a | length=2
[WECHAT] AI回复完成 | customer_id=7
[2026-09-02 22:35:08 +0800] [24130] [INFO] Handling signal: term
[2026-09-02 22:35:08 +0800] [24130] [INFO] Worker (pid:24132) was sent SIGTERM!
[2026-09-02 22:35:08 +0800] [24130] [INFO] Shutting down: Master
